10.0.100.70 - - [25/Aug/2017:17:23:32 +0300] "GET /fonts/fontawesome-webfont.woff2?af7ae505a9eed503f8b8e6982036873e HTTP/1.1" 200 77423 "http://bearbuddies.dev/css/home.css" "Mozilla/5.0 (X11; Linux x86_64) AppleWebKit/537.36 (KHTML, like Gecko) Ubuntu Chromium/60.0.3112.78 Chrome/60.0.3112.78 Safari/537.36"
10.0.100.80 - - [25/Aug/2017:17:23:40 +0300] "GET / HTTP/1.1" 200 2265 "http://beerbuddies.dev/register" "Mozilla/5.0 (X11; Linux x86_64) AppleWebKit/537.36 (KHTML, like Gecko) Ubuntu Chromium/60.0.3112.78 Chrome/60.0.3112.78 Safari/537.36"
10.0.100.80 - - [25/Aug/2017:17:23:40 +0300] "GET /uploads/userPhoto/5be266f1fc0e4b8802594620ea38ff14.png HTTP/1.1" 304 181 "http://beerbuddies.dev/" "Mozilla/5.0 (X11; Linux x86_64) AppleWebKit/537.36 (KHTML, like Gecko) Ubuntu Chromium/60.0.3112.78 Chrome/60.0.3112.78 Safari/537.36"
10.0.100.80 - - [25/Aug/2017:17:23:40 +0300] "GET /favicon.ico HTTP/1.1" 200 1706 "http://beerbuddies.dev/" "Mozilla/5.0 (X11; Linux x86_64) AppleWebKit/537.36 (KHTML, like Gecko) Ubuntu Chromium/60.0.3112.78 Chrome/60.0.3112.78 Safari/537.36"
10.0.100.70 - - [25/Aug/2017:17:23:44 +0300] "GET / HTTP/1.1" 200 2242 "http://bearbuddies.dev/" "Mozilla/5.0 (X11; Linux x86_64) AppleWebKit/537.36 (KHTML, like Gecko) Ubuntu Chromium/60.0.3112.78 Chrome/60.0.3112.78 Safari/537.36"
10.0.100.70 - - [25/Aug/2017:17:24:00 +0300] "POST /user/avatar/upload HTTP/1.1" 200 1039 "http://bearbuddies.dev/" "Mozilla/5.0 (X11; Linux x86_64) AppleWebKit/537.36 (KHTML, like Gecko) Ubuntu Chromium/60.0.3112.78 Chrome/60.0.3112.78 Safari/537.36"
10.0.100.70 - - [25/Aug/2017:17:24:00 +0300] "GET /uploads/userPhoto/23f772c365951e144b37652f6aec1b36.jpg HTTP/1.1" 200 516611 "http://bearbuddies.dev/" "Mozilla/5.0 (X11; Linux x86_64) AppleWebKit/537.36 (KHTML, like Gecko) Ubuntu Chromium/60.0.3112.78 Chrome/60.0.3112.78 Safari/537.36"
10.0.100.70 - - [25/Aug/2017:17:24:08 +0300] "GET / HTTP/1.1" 200 2276 "http://bearbuddies.dev/" "Mozilla/5.0 (X11; Linux x86_64) AppleWebKit/537.36 (KHTML, like Gecko) Ubuntu Chromium/60.0.3112.78 Chrome/60.0.3112.78 Safari/537.36"
10.0.100.70 - - [25/Aug/2017:17:24:09 +0300] "GET /uploads/userPhoto/23f772c365951e144b37652f6aec1b36.jpg HTTP/1.1" 304 182 "http://bearbuddies.dev/" "Mozilla/5.0 (X11; Linux x86_64) AppleWebKit/537.36 (KHTML, like Gecko) Ubuntu Chromium/60.0.3112.78 Chrome/60.0.3112.78 Safari/537.36"
10.0.100.70 - - [25/Aug/2017:17:24:09 +0300] "GET /favicon.ico HTTP/1.1" 200 1706 "http://bearbuddies.dev/" "Mozilla/5.0 (X11; Linux x86_64) AppleWebKit/537.36 (KHTML, like Gecko) Ubuntu Chromium/60.0.3112.78 Chrome/60.0.3112.78 Safari/537.36"
10.0.100.70 - - [25/Aug/2017:17:24:21 +0300] "POST /user/avatar/upload HTTP/1.1" 200 1039 "http://bearbuddies.dev/" "Mozilla/5.0 (X11; Linux x86_64) AppleWebKit/537.36 (KHTML, like Gecko) Ubuntu Chromium/60.0.3112.78 Chrome/60.0.3112.78 Safari/537.36"
10.0.100.70 - - [25/Aug/2017:17:24:21 +0300] "GET /uploads/userPhoto/9caa03b28b94e93870dc588c1fc1dcb5.jpg HTTP/1.1" 200 1056921 "http://bearbuddies.dev/" "Mozilla/5.0 (X11; Linux x86_64) AppleWebKit/537.36 (KHTML, like Gecko) Ubuntu Chromium/60.0.3112.78 Chrome/60.0.3112.78 Safari/537.36"
10.0.100.70 - - [25/Aug/2017:17:24:26 +0300] "POST /user/avatar/upload HTTP/1.1" 200 1043 "http://bearbuddies.dev/" "Mozilla/5.0 (X11; Linux x86_64) AppleWebKit/537.36 (KHTML, like Gecko) Ubuntu Chromium/60.0.3112.78 Chrome/60.0.3112.78 Safari/537.36"
10.0.100.70 - - [25/Aug/2017:17:24:26 +0300] "GET /uploads/userPhoto/eeb4bb8bba133f9e1390e915e0a322aa.jpg HTTP/1.1" 200 66107 "http://bearbuddies.dev/" "Mozilla/5.0 (X11; Linux x86_64) AppleWebKit/537.36 (KHTML, like Gecko) Ubuntu Chromium/60.0.3112.78 Chrome/60.0.3112.78 Safari/537.36"
10.0.100.70 - - [25/Aug/2017:17:24:30 +0300] "POST /user/avatar/upload HTTP/1.1" 200 1052 "http://bearbuddies.dev/" "Mozilla/5.0 (X11; Linux x86_64) AppleWebKit/537.36 (KHTML, like Gecko) Ubuntu Chromium/60.0.3112.78 Chrome/60.0.3112.78 Safari/537.36"
10.0.100.70 - - [25/Aug/2017:17:24:30 +0300] "GET /uploads/userPhoto/51345ed3ff23f689cac638cd294a297c.jpg HTTP/1.1" 200 17441 "http://bearbuddies.dev/" "Mozilla/5.0 (X11; Linux x86_64) AppleWebKit/537.36 (KHTML, like Gecko) Ubuntu Chromium/60.0.3112.78 Chrome/60.0.3112.78 Safari/537.36"
10.0.100.70 - - [25/Aug/2017:17:24:33 +0300] "POST /user/avatar/upload HTTP/1.1" 200 1042 "http://bearbuddies.dev/" "Mozilla/5.0 (X11; Linux x86_64) AppleWebKit/537.36 (KHTML, like Gecko) Ubuntu Chromium/60.0.3112.78 Chrome/60.0.3112.78 Safari/537.36"
10.0.100.70 - - [25/Aug/2017:17:24:33 +0300] "GET /uploads/userPhoto/f5ea8e45bd120c3b1ccbd68252bdc1f4.jpg HTTP/1.1" 200 117687 "http://bearbuddies.dev/" "Mozilla/5.0 (X11; Linux x86_64) AppleWebKit/537.36 (KHTML, like Gecko) Ubuntu Chromium/60.0.3112.78 Chrome/60.0.3112.78 Safari/537.36"
10.0.100.80 - - [25/Aug/2017:17:24:41 +0300] "POST /user/avatar/upload HTTP/1.1" 200 984 "http://beerbuddies.dev/" "Mozilla/5.0 (X11; Linux x86_64) AppleWebKit/537.36 (KHTML, like Gecko) Ubuntu Chromium/60.0.3112.78 Chrome/60.0.3112.78 Safari/537.36"
10.0.100.70 - - [25/Aug/2017:17:24:42 +0300] "POST /user/avatar/upload HTTP/1.1" 200 1039 "http://bearbuddies.dev/" "Mozilla/5.0 (X11; Linux x86_64) AppleWebKit/537.36 (KHTML, like Gecko) Ubuntu Chromium/60.0.3112.78 Chrome/60.0.3112.78 Safari/537.36"
10.0.100.70 - - [25/Aug/2017:17:24:43 +0300] "GET /uploads/userPhoto/d650a474bd916502cc653458af83eaef.jpg HTTP/1.1" 200 103763 "http://bearbuddies.dev/" "Mozilla/5.0 (X11; Linux x86_64) AppleWebKit/537.36 (KHTML, like Gecko) Ubuntu Chromium/60.0.3112.78 Chrome/60.0.3112.78 Safari/537.36"
10.0.100.70 - - [25/Aug/2017:17:24:47 +0300] "POST /user/avatar/upload HTTP/1.1" 200 1040 "http://bearbuddies.dev/" "Mozilla/5.0 (X11; Linux x86_64) AppleWebKit/537.36 (KHTML, like Gecko) Ubuntu Chromium/60.0.3112.78 Chrome/60.0.3112.78 Safari/537.36"
10.0.100.70 - - [25/Aug/2017:17:24:47 +0300] "GET /uploads/userPhoto/8e4f562446112e51d3fa2acc3e2ae24c.png HTTP/1.1" 200 258433 "http://bearbuddies.dev/" "Mozilla/5.0 (X11; Linux x86_64) AppleWebKit/537.36 (KHTML, like Gecko) Ubuntu Chromium/60.0.3112.78 Chrome/60.0.3112.78 Safari/537.36"
10.0.100.80 - - [25/Aug/2017:17:24:49 +0300] "POST /user/avatar/upload HTTP/1.1" 200 982 "http://beerbuddies.dev/" "Mozilla/5.0 (X11; Linux x86_64) AppleWebKit/537.36 (KHTML, like Gecko) Ubuntu Chromium/60.0.3112.78 Chrome/60.0.3112.78 Safari/537.36"
10.0.100.70 - - [25/Aug/2017:17:24:54 +0300] "POST /user/avatar/upload HTTP/1.1" 200 1047 "http://bearbuddies.dev/" "Mozilla/5.0 (X11; Linux x86_64) AppleWebKit/537.36 (KHTML, like Gecko) Ubuntu Chromium/60.0.3112.78 Chrome/60.0.3112.78 Safari/537.36"
10.0.100.70 - - [25/Aug/2017:17:24:54 +0300] "GET /uploads/userPhoto/5a57e770341e61aa05ee9b928d338d2d.png HTTP/1.1" 200 796475 "http://bearbuddies.dev/" "Mozilla/5.0 (X11; Linux x86_64) AppleWebKit/537.36 (KHTML, like Gecko) Ubuntu Chromium/60.0.3112.78 Chrome/60.0.3112.78 Safari/537.36"
10.0.100.80 - - [25/Aug/2017:17:24:58 +0300] "POST /user/avatar/upload HTTP/1.1" 200 982 "http://beerbuddies.dev/" "Mozilla/5.0 (X11; Linux x86_64) AppleWebKit/537.36 (KHTML, like Gecko) Ubuntu Chromium/60.0.3112.78 Chrome/60.0.3112.78 Safari/537.36"
10.0.100.70 - - [25/Aug/2017:17:25:02 +0300] "POST /user/avatar/upload HTTP/1.1" 200 1039 "http://bearbuddies.dev/" "Mozilla/5.0 (X11; Linux x86_64) AppleWebKit/537.36 (KHTML, like Gecko) Ubuntu Chromium/60.0.3112.78 Chrome/60.0.3112.78 Safari/537.36"
10.0.100.70 - - [25/Aug/2017:17:25:02 +0300] "GET /uploads/userPhoto/3579053756f962397e03d00404d45ee1.jpg HTTP/1.1" 200 211206 "http://bearbuddies.dev/" "Mozilla/5.0 (X11; Linux x86_64) AppleWebKit/537.36 (KHTML, like Gecko) Ubuntu Chromium/60.0.3112.78 Chrome/60.0.3112.78 Safari/537.36"
10.0.100.80 - - [25/Aug/2017:17:25:05 +0300] "GET / HTTP/1.1" 200 2269 "http://beerbuddies.dev/register" "Mozilla/5.0 (X11; Linux x86_64) AppleWebKit/537.36 (KHTML, like Gecko) Ubuntu Chromium/60.0.3112.78 Chrome/60.0.3112.78 Safari/537.36"
10.0.100.80 - - [25/Aug/2017:17:25:05 +0300] "GET /uploads/userPhoto/5be266f1fc0e4b8802594620ea38ff14.png HTTP/1.1" 304 181 "http://beerbuddies.dev/" "Mozilla/5.0 (X11; Linux x86_64) AppleWebKit/537.36 (KHTML, like Gecko) Ubuntu Chromium/60.0.3112.78 Chrome/60.0.3112.78 Safari/537.36"
10.0.100.80 - - [25/Aug/2017:17:25:06 +0300] "GET / HTTP/1.1" 200 2274 "http://beerbuddies.dev/register" "Mozilla/5.0 (X11; Linux x86_64) AppleWebKit/537.36 (KHTML, like Gecko) Ubuntu Chromium/60.0.3112.78 Chrome/60.0.3112.78 Safari/537.36"
10.0.100.70 - - [25/Aug/2017:17:25:06 +0300] "POST /user/avatar/upload HTTP/1.1" 200 1038 "http://bearbuddies.dev/" "Mozilla/5.0 (X11; Linux x86_64) AppleWebKit/537.36 (KHTML, like Gecko) Ubuntu Chromium/60.0.3112.78 Chrome/60.0.3112.78 Safari/537.36"
10.0.100.70 - - [25/Aug/2017:17:25:06 +0300] "GET /uploads/userPhoto/4aaf415fb281a010cdf3032828b5a90c.jpg HTTP/1.1" 200 211206 "http://bearbuddies.dev/" "Mozilla/5.0 (X11; Linux x86_64) AppleWebKit/537.36 (KHTML, like Gecko) Ubuntu Chromium/60.0.3112.78 Chrome/60.0.3112.78 Safari/537.36"
10.0.100.80 - - [25/Aug/2017:17:25:07 +0300] "GET / HTTP/1.1" 200 2274 "http://beerbuddies.dev/register" "Mozilla/5.0 (X11; Linux x86_64) AppleWebKit/537.36 (KHTML, like Gecko) Ubuntu Chromium/60.0.3112.78 Chrome/60.0.3112.78 Safari/537.36"
10.0.100.80 - - [25/Aug/2017:17:25:07 +0300] "GET / HTTP/1.1" 200 2270 "http://beerbuddies.dev/register" "Mozilla/5.0 (X11; Linux x86_64) AppleWebKit/537.36 (KHTML, like Gecko) Ubuntu Chromium/60.0.3112.78 Chrome/60.0.3112.78 Safari/537.36"
10.0.100.80 - - [25/Aug/2017:17:25:07 +0300] "GET / HTTP/1.1" 200 2266 "http://beerbuddies.dev/register" "Mozilla/5.0 (X11; Linux x86_64) AppleWebKit/537.36 (KHTML, like Gecko) Ubuntu Chromium/60.0.3112.78 Chrome/60.0.3112.78 Safari/537.36"
10.0.100.80 - - [25/Aug/2017:17:25:07 +0300] "GET / HTTP/1.1" 200 2269 "http://beerbuddies.dev/register" "Mozilla/5.0 (X11; Linux x86_64) AppleWebKit/537.36 (KHTML, like Gecko) Ubuntu Chromium/60.0.3112.78 Chrome/60.0.3112.78 Safari/537.36"
10.0.100.80 - - [25/Aug/2017:17:25:08 +0300] "GET / HTTP/1.1" 200 2272 "http://beerbuddies.dev/register" "Mozilla/5.0 (X11; Linux x86_64) AppleWebKit/537.36 (KHTML, like Gecko) Ubuntu Chromium/60.0.3112.78 Chrome/60.0.3112.78 Safari/537.36"
10.0.100.70 - - [25/Aug/2017:17:25:11 +0300] "POST /user/avatar/upload HTTP/1.1" 200 1042 "http://bearbuddies.dev/" "Mozilla/5.0 (X11; Linux x86_64) AppleWebKit/537.36 (KHTML, like Gecko) Ubuntu Chromium/60.0.3112.78 Chrome/60.0.3112.78 Safari/537.36"
10.0.100.70 - - [25/Aug/2017:17:25:11 +0300] "GET /uploads/userPhoto/df3f3c1f6eeee6a8d38e924dc2727f53.jpg HTTP/1.1" 200 1834453 "http://bearbuddies.dev/" "Mozilla/5.0 (X11; Linux x86_64) AppleWebKit/537.36 (KHTML, like Gecko) Ubuntu Chromium/60.0.3112.78 Chrome/60.0.3112.78 Safari/537.36"
10.0.100.70 - - [25/Aug/2017:17:25:15 +0300] "POST /user/avatar/upload HTTP/1.1" 200 1044 "http://bearbuddies.dev/" "Mozilla/5.0 (X11; Linux x86_64) AppleWebKit/537.36 (KHTML, like Gecko) Ubuntu Chromium/60.0.3112.78 Chrome/60.0.3112.78 Safari/537.36"
10.0.100.70 - - [25/Aug/2017:17:25:15 +0300] "GET /uploads/userPhoto/a2812956b7795ca2c656d666ee03ddd6.jpg HTTP/1.1" 200 322932 "http://bearbuddies.dev/" "Mozilla/5.0 (X11; Linux x86_64) AppleWebKit/537.36 (KHTML, like Gecko) Ubuntu Chromium/60.0.3112.78 Chrome/60.0.3112.78 Safari/537.36"
10.0.100.70 - - [25/Aug/2017:17:25:17 +0300] "POST /user/avatar/upload HTTP/1.1" 200 1042 "http://bearbuddies.dev/" "Mozilla/5.0 (X11; Linux x86_64) AppleWebKit/537.36 (KHTML, like Gecko) Ubuntu Chromium/60.0.3112.78 Chrome/60.0.3112.78 Safari/537.36"
10.0.100.70 - - [25/Aug/2017:17:25:18 +0300] "GET /uploads/userPhoto/61e6526e1fbeba9333ec5768c5539350.jpg HTTP/1.1" 200 322932 "http://bearbuddies.dev/" "Mozilla/5.0 (X11; Linux x86_64) AppleWebKit/537.36 (KHTML, like Gecko) Ubuntu Chromium/60.0.3112.78 Chrome/60.0.3112.78 Safari/537.36"
10.0.100.80 - - [25/Aug/2017:17:25:15 +0300] "POST /user/avatar/upload HTTP/1.1" 500 26743 "http://beerbuddies.dev/" "Mozilla/5.0 (X11; Linux x86_64) AppleWebKit/537.36 (KHTML, like Gecko) Ubuntu Chromium/60.0.3112.78 Chrome/60.0.3112.78 Safari/537.36"
10.0.100.80 - - [25/Aug/2017:17:26:04 +0300] "POST /user/avatar/upload HTTP/1.1" 500 26743 "http://beerbuddies.dev/" "Mozilla/5.0 (X11; Linux x86_64) AppleWebKit/537.36 (KHTML, like Gecko) Ubuntu Chromium/60.0.3112.78 Chrome/60.0.3112.78 Safari/537.36"
10.0.100.80 - - [25/Aug/2017:17:26:11 +0300] "POST /user/avatar/upload HTTP/1.1" 200 978 "http://beerbuddies.dev/" "Mozilla/5.0 (X11; Linux x86_64) AppleWebKit/537.36 (KHTML, like Gecko) Ubuntu Chromium/60.0.3112.78 Chrome/60.0.3112.78 Safari/537.36"
10.0.100.80 - - [25/Aug/2017:17:26:27 +0300] "POST /user/avatar/upload HTTP/1.1" 200 978 "http://beerbuddies.dev/" "Mozilla/5.0 (X11; Linux x86_64) AppleWebKit/537.36 (KHTML, like Gecko) Ubuntu Chromium/60.0.3112.78 Chrome/60.0.3112.78 Safari/537.36"
10.0.100.70 - - [25/Aug/2017:17:26:32 +0300] "POST /user/avatar/upload HTTP/1.1" 200 1045 "http://bearbuddies.dev/" "Mozilla/5.0 (X11; Linux x86_64) AppleWebKit/537.36 (KHTML, like Gecko) Ubuntu Chromium/60.0.3112.78 Chrome/60.0.3112.78 Safari/537.36"
10.0.100.70 - - [25/Aug/2017:17:26:32 +0300] "GET /uploads/userPhoto/937a2bf34167fe70f976b5bb2f1770fd.jpg HTTP/1.1" 200 933268 "http://bearbuddies.dev/" "Mozilla/5.0 (X11; Linux x86_64) AppleWebKit/537.36 (KHTML, like Gecko) Ubuntu Chromium/60.0.3112.78 Chrome/60.0.3112.78 Safari/537.36"
10.0.100.70 - - [25/Aug/2017:17:26:35 +0300] "POST /user/avatar/upload HTTP/1.1" 200 1039 "http://bearbuddies.dev/" "Mozilla/5.0 (X11; Linux x86_64) AppleWebKit/537.36 (KHTML, like Gecko) Ubuntu Chromium/60.0.3112.78 Chrome/60.0.3112.78 Safari/537.36"
10.0.100.70 - - [25/Aug/2017:17:26:35 +0300] "GET /uploads/userPhoto/453bbeabaef6b4120f163b1635ba363e.jpeg HTTP/1.1" 200 364856 "http://bearbuddies.dev/" "Mozilla/5.0 (X11; Linux x86_64) AppleWebKit/537.36 (KHTML, like Gecko) Ubuntu Chromium/60.0.3112.78 Chrome/60.0.3112.78 Safari/537.36"
10.0.100.70 - - [25/Aug/2017:17:26:39 +0300] "POST /user/avatar/upload HTTP/1.1" 200 1038 "http://bearbuddies.dev/" "Mozilla/5.0 (X11; Linux x86_64) AppleWebKit/537.36 (KHTML, like Gecko) Ubuntu Chromium/60.0.3112.78 Chrome/60.0.3112.78 Safari/537.36"
10.0.100.70 - - [25/Aug/2017:17:26:39 +0300] "GET /uploads/userPhoto/3a266bb24b41ecde57306f36baef0591.jpg HTTP/1.1" 200 322932 "http://bearbuddies.dev/" "Mozilla/5.0 (X11; Linux x86_64) AppleWebKit/537.36 (KHTML, like Gecko) Ubuntu Chromium/60.0.3112.78 Chrome/60.0.3112.78 Safari/537.36"
10.0.100.70 - - [25/Aug/2017:17:26:42 +0300] "POST /user/avatar/upload HTTP/1.1" 200 1042 "http://bearbuddies.dev/" "Mozilla/5.0 (X11; Linux x86_64) AppleWebKit/537.36 (KHTML, like Gecko) Ubuntu Chromium/60.0.3112.78 Chrome/60.0.3112.78 Safari/537.36"
10.0.100.70 - - [25/Aug/2017:17:26:42 +0300] "GET /uploads/userPhoto/e7d8a6bd2bdeb70e0989cf5e2f18a37e.jpg HTTP/1.1" 200 832063 "http://bearbuddies.dev/" "Mozilla/5.0 (X11; Linux x86_64) AppleWebKit/537.36 (KHTML, like Gecko) Ubuntu Chromium/60.0.3112.78 Chrome/60.0.3112.78 Safari/537.36"
10.0.100.70 - - [25/Aug/2017:17:26:44 +0300] "POST /user/avatar/upload HTTP/1.1" 200 1049 "http://bearbuddies.dev/" "Mozilla/5.0 (X11; Linux x86_64) AppleWebKit/537.36 (KHTML, like Gecko) Ubuntu Chromium/60.0.3112.78 Chrome/60.0.3112.78 Safari/537.36"
10.0.100.70 - - [25/Aug/2017:17:26:44 +0300] "GET /uploads/userPhoto/6a05244d757fba960911b4c3652712a0.jpeg HTTP/1.1" 200 364856 "http://bearbuddies.dev/" "Mozilla/5.0 (X11; Linux x86_64) AppleWebKit/537.36 (KHTML, like Gecko) Ubuntu Chromium/60.0.3112.78 Chrome/60.0.3112.78 Safari/537.36"
10.0.100.70 - - [25/Aug/2017:17:26:46 +0300] "POST /user/avatar/upload HTTP/1.1" 200 1040 "http://bearbuddies.dev/" "Mozilla/5.0 (X11; Linux x86_64) AppleWebKit/537.36 (KHTML, like Gecko) Ubuntu Chromium/60.0.3112.78 Chrome/60.0.3112.78 Safari/537.36"
10.0.100.70 - - [25/Aug/2017:17:26:47 +0300] "GET /uploads/userPhoto/8f4810b5dc48a27e9ff6f1c021438929.jpg HTTP/1.1" 200 1671483 "http://bearbuddies.dev/" "Mozilla/5.0 (X11; Linux x86_64) AppleWebKit/537.36 (KHTML, like Gecko) Ubuntu Chromium/60.0.3112.78 Chrome/60.0.3112.78 Safari/537.36"
10.0.100.70 - - [25/Aug/2017:17:26:49 +0300] "POST /user/avatar/upload HTTP/1.1" 200 1040 "http://bearbuddies.dev/" "Mozilla/5.0 (X11; Linux x86_64) AppleWebKit/537.36 (KHTML, like Gecko) Ubuntu Chromium/60.0.3112.78 Chrome/60.0.3112.78 Safari/537.36"
10.0.100.70 - - [25/Aug/2017:17:26:49 +0300] "GET /uploads/userPhoto/76ea3e2fed9d1d42e1e8d99184cd3ef1.jpg HTTP/1.1" 200 211206 "http://bearbuddies.dev/" "Mozilla/5.0 (X11; Linux x86_64) AppleWebKit/537.36 (KHTML, like Gecko) Ubuntu Chromium/60.0.3112.78 Chrome/60.0.3112.78 Safari/537.36"
10.0.100.80 - - [25/Aug/2017:17:26:59 +0300] "POST /user/avatar/upload HTTP/1.1" 200 1043 "http://beerbuddies.dev/" "Mozilla/5.0 (X11; Linux x86_64) AppleWebKit/537.36 (KHTML, like Gecko) Ubuntu Chromium/60.0.3112.78 Chrome/60.0.3112.78 Safari/537.36"
10.0.100.80 - - [25/Aug/2017:17:26:59 +0300] "GET /uploads/userPhoto/80885dcb5b2a736218c617df598b244a.png HTTP/1.1" 200 272925 "http://beerbuddies.dev/" "Mozilla/5.0 (X11; Linux x86_64) AppleWebKit/537.36 (KHTML, like Gecko) Ubuntu Chromium/60.0.3112.78 Chrome/60.0.3112.78 Safari/537.36"
10.0.100.70 - - [25/Aug/2017:17:27:06 +0300] "POST /user/avatar/upload HTTP/1.1" 200 1043 "http://bearbuddies.dev/" "Mozilla/5.0 (X11; Linux x86_64) AppleWebKit/537.36 (KHTML, like Gecko) Ubuntu Chromium/60.0.3112.78 Chrome/60.0.3112.78 Safari/537.36"
10.0.100.70 - - [25/Aug/2017:17:27:06 +0300] "GET /uploads/userPhoto/cd977eeef9639c5e9d3065b79f850ab7.jpg HTTP/1.1" 200 1325723 "http://bearbuddies.dev/" "Mozilla/5.0 (X11; Linux x86_64) AppleWebKit/537.36 (KHTML, like Gecko) Ubuntu Chromium/60.0.3112.78 Chrome/60.0.3112.78 Safari/537.36"
10.0.100.70 - - [25/Aug/2017:17:27:13 +0300] "POST /user/avatar/upload HTTP/1.1" 200 1039 "http://bearbuddies.dev/" "Mozilla/5.0 (X11; Linux x86_64) AppleWebKit/537.36 (KHTML, like Gecko) Ubuntu Chromium/60.0.3112.78 Chrome/60.0.3112.78 Safari/537.36"
10.0.100.70 - - [25/Aug/2017:17:27:14 +0300] "GET /uploads/userPhoto/b88b932bc872f9df0c07356100ed0ffb.jpg HTTP/1.1" 200 1834453 "http://bearbuddies.dev/" "Mozilla/5.0 (X11; Linux x86_64) AppleWebKit/537.36 (KHTML, like Gecko) Ubuntu Chromium/60.0.3112.78 Chrome/60.0.3112.78 Safari/537.36"
10.0.100.70 - - [25/Aug/2017:17:27:16 +0300] "POST /user/avatar/upload HTTP/1.1" 200 1048 "http://bearbuddies.dev/" "Mozilla/5.0 (X11; Linux x86_64) AppleWebKit/537.36 (KHTML, like Gecko) Ubuntu Chromium/60.0.3112.78 Chrome/60.0.3112.78 Safari/537.36"
10.0.100.70 - - [25/Aug/2017:17:27:16 +0300] "GET /uploads/userPhoto/7e0d2b2dbeaaac21c433547e64ead5f3.jpg HTTP/1.1" 200 1834453 "http://bearbuddies.dev/" "Mozilla/5.0 (X11; Linux x86_64) AppleWebKit/537.36 (KHTML, like Gecko) Ubuntu Chromium/60.0.3112.78 Chrome/60.0.3112.78 Safari/537.36"
10.0.100.80 - - [25/Aug/2017:17:27:22 +0300] "POST /user/avatar/upload HTTP/1.1" 200 1041 "http://beerbuddies.dev/" "Mozilla/5.0 (X11; Linux x86_64) AppleWebKit/537.36 (KHTML, like Gecko) Ubuntu Chromium/60.0.3112.78 Chrome/60.0.3112.78 Safari/537.36"
10.0.100.80 - - [25/Aug/2017:17:27:22 +0300] "GET /uploads/userPhoto/e86eb2cbe307fe5658be206658b44d14.png HTTP/1.1" 200 288816 "http://beerbuddies.dev/" "Mozilla/5.0 (X11; Linux x86_64) AppleWebKit/537.36 (KHTML, like Gecko) Ubuntu Chromium/60.0.3112.78 Chrome/60.0.3112.78 Safari/537.36"
10.0.100.80 - - [25/Aug/2017:17:27:25 +0300] "POST /user/avatar/upload HTTP/1.1" 200 1044 "http://beerbuddies.dev/" "Mozilla/5.0 (X11; Linux x86_64) AppleWebKit/537.36 (KHTML, like Gecko) Ubuntu Chromium/60.0.3112.78 Chrome/60.0.3112.78 Safari/537.36"
10.0.100.80 - - [25/Aug/2017:17:27:25 +0300] "GET /uploads/userPhoto/84e72030ad1cea08234f8e61e93d490d.png HTTP/1.1" 200 267095 "http://beerbuddies.dev/" "Mozilla/5.0 (X11; Linux x86_64) AppleWebKit/537.36 (KHTML, like Gecko) Ubuntu Chromium/60.0.3112.78 Chrome/60.0.3112.78 Safari/537.36"
10.0.100.80 - - [25/Aug/2017:17:27:28 +0300] "POST /user/avatar/upload HTTP/1.1" 200 1042 "http://beerbuddies.dev/" "Mozilla/5.0 (X11; Linux x86_64) AppleWebKit/537.36 (KHTML, like Gecko) Ubuntu Chromium/60.0.3112.78 Chrome/60.0.3112.78 Safari/537.36"
10.0.100.80 - - [25/Aug/2017:17:27:28 +0300] "GET /uploads/userPhoto/2c60026b628ef888799599e8786e8bd9.png HTTP/1.1" 200 272925 "http://beerbuddies.dev/" "Mozilla/5.0 (X11; Linux x86_64) AppleWebKit/537.36 (KHTML, like Gecko) Ubuntu Chromium/60.0.3112.78 Chrome/60.0.3112.78 Safari/537.36"
10.0.100.70 - - [25/Aug/2017:17:27:42 +0300] "POST /user/avatar/upload HTTP/1.1" 200 1051 "http://bearbuddies.dev/" "Mozilla/5.0 (X11; Linux x86_64) AppleWebKit/537.36 (KHTML, like Gecko) Ubuntu Chromium/60.0.3112.78 Chrome/60.0.3112.78 Safari/537.36"
10.0.100.70 - - [25/Aug/2017:17:27:42 +0300] "GET /uploads/userPhoto/e0a74057373e993713b0d6e56f86a2a0.jpg HTTP/1.1" 200 342111 "http://bearbuddies.dev/" "Mozilla/5.0 (X11; Linux x86_64) AppleWebKit/537.36 (KHTML, like Gecko) Ubuntu Chromium/60.0.3112.78 Chrome/60.0.3112.78 Safari/537.36"
10.0.100.70 - - [25/Aug/2017:17:27:44 +0300] "POST /user/avatar/upload HTTP/1.1" 200 1042 "http://bearbuddies.dev/" "Mozilla/5.0 (X11; Linux x86_64) AppleWebKit/537.36 (KHTML, like Gecko) Ubuntu Chromium/60.0.3112.78 Chrome/60.0.3112.78 Safari/537.36"
10.0.100.70 - - [25/Aug/2017:17:27:44 +0300] "GET /uploads/userPhoto/7bfae31260c742af97992aa410263493.jpg HTTP/1.1" 200 1834453 "http://bearbuddies.dev/" "Mozilla/5.0 (X11; Linux x86_64) AppleWebKit/537.36 (KHTML, like Gecko) Ubuntu Chromium/60.0.3112.78 Chrome/60.0.3112.78 Safari/537.36"
10.0.100.80 - - [25/Aug/2017:17:27:46 +0300] "POST /user/avatar/upload HTTP/1.1" 200 1045 "http://beerbuddies.dev/" "Mozilla/5.0 (X11; Linux x86_64) AppleWebKit/537.36 (KHTML, like Gecko) Ubuntu Chromium/60.0.3112.78 Chrome/60.0.3112.78 Safari/537.36"
10.0.100.80 - - [25/Aug/2017:17:27:46 +0300] "GET /uploads/userPhoto/3186b983baeef669ccc48488ce4b45ab.png HTTP/1.1" 200 15131 "http://beerbuddies.dev/" "Mozilla/5.0 (X11; Linux x86_64) AppleWebKit/537.36 (KHTML, like Gecko) Ubuntu Chromium/60.0.3112.78 Chrome/60.0.3112.78 Safari/537.36"
10.0.100.70 - - [25/Aug/2017:17:27:46 +0300] "POST /user/avatar/upload HTTP/1.1" 200 1038 "http://bearbuddies.dev/" "Mozilla/5.0 (X11; Linux x86_64) AppleWebKit/537.36 (KHTML, like Gecko) Ubuntu Chromium/60.0.3112.78 Chrome/60.0.3112.78 Safari/537.36"
10.0.100.70 - - [25/Aug/2017:17:27:46 +0300] "GET /uploads/userPhoto/3186b983baeef669ccc48488ce4b45ab.jpg HTTP/1.1" 200 211206 "http://bearbuddies.dev/" "Mozilla/5.0 (X11; Linux x86_64) AppleWebKit/537.36 (KHTML, like Gecko) Ubuntu Chromium/60.0.3112.78 Chrome/60.0.3112.78 Safari/537.36"
10.0.100.70 - - [25/Aug/2017:17:27:49 +0300] "POST /user/avatar/upload HTTP/1.1" 200 1038 "http://bearbuddies.dev/" "Mozilla/5.0 (X11; Linux x86_64) AppleWebKit/537.36 (KHTML, like Gecko) Ubuntu Chromium/60.0.3112.78 Chrome/60.0.3112.78 Safari/537.36"
10.0.100.70 - - [25/Aug/2017:17:27:49 +0300] "GET /uploads/userPhoto/c2cda914178af53b8491d86f902c1261.jpg HTTP/1.1" 200 284778 "http://bearbuddies.dev/" "Mozilla/5.0 (X11; Linux x86_64) AppleWebKit/537.36 (KHTML, like Gecko) Ubuntu Chromium/60.0.3112.78 Chrome/60.0.3112.78 Safari/537.36"
10.0.100.70 - - [25/Aug/2017:17:27:51 +0300] "POST /user/avatar/upload HTTP/1.1" 200 1042 "http://bearbuddies.dev/" "Mozilla/5.0 (X11; Linux x86_64) AppleWebKit/537.36 (KHTML, like Gecko) Ubuntu Chromium/60.0.3112.78 Chrome/60.0.3112.78 Safari/537.36"
10.0.100.70 - - [25/Aug/2017:17:27:51 +0300] "GET /uploads/userPhoto/5faa8490e5d2ee4470122f598f4eebea.jpg HTTP/1.1" 200 1834453 "http://bearbuddies.dev/" "Mozilla/5.0 (X11; Linux x86_64) AppleWebKit/537.36 (KHTML, like Gecko) Ubuntu Chromium/60.0.3112.78 Chrome/60.0.3112.78 Safari/537.36"
127.0.0.1 - - [25/Aug/2017:17:27:54 +0300] "GET / HTTP/1.1" 200 2266 "http://beerbuddies.dev/register" "Mozilla/5.0 (X11; Linux x86_64) AppleWebKit/537.36 (KHTML, like Gecko) Chrome/59.0.3071.115 Safari/537.36"
127.0.0.1 - - [25/Aug/2017:17:27:54 +0300] "GET /img/logo.png HTTP/1.1" 200 3248 "http://beerbuddies.dev/" "Mozilla/5.0 (X11; Linux x86_64) AppleWebKit/537.36 (KHTML, like Gecko) Chrome/59.0.3071.115 Safari/537.36"
127.0.0.1 - - [25/Aug/2017:17:27:54 +0300] "GET /css/app.css HTTP/1.1" 200 22009 "http://beerbuddies.dev/" "Mozilla/5.0 (X11; Linux x86_64) AppleWebKit/537.36 (KHTML, like Gecko) Chrome/59.0.3071.115 Safari/537.36"
127.0.0.1 - - [25/Aug/2017:17:27:54 +0300] "GET /css/home.css HTTP/1.1" 200 8718 "http://beerbuddies.dev/" "Mozilla/5.0 (X11; Linux x86_64) AppleWebKit/537.36 (KHTML, like Gecko) Chrome/59.0.3071.115 Safari/537.36"
127.0.0.1 - - [25/Aug/2017:17:27:54 +0300] "GET /js/home.js HTTP/1.1" 200 329 "http://beerbuddies.dev/" "Mozilla/5.0 (X11; Linux x86_64) AppleWebKit/537.36 (KHTML, like Gecko) Chrome/59.0.3071.115 Safari/537.36"
127.0.0.1 - - [25/Aug/2017:17:27:54 +0300] "GET /js/app.js HTTP/1.1" 200 204124 "http://beerbuddies.dev/" "Mozilla/5.0 (X11; Linux x86_64) AppleWebKit/537.36 (KHTML, like Gecko) Chrome/59.0.3071.115 Safari/537.36"
127.0.0.1 - - [25/Aug/2017:17:27:54 +0300] "GET /uploads/userPhoto/5be266f1fc0e4b8802594620ea38ff14.png HTTP/1.1" 200 15129 "http://beerbuddies.dev/" "Mozilla/5.0 (X11; Linux x86_64) AppleWebKit/537.36 (KHTML, like Gecko) Chrome/59.0.3071.115 Safari/537.36"
127.0.0.1 - - [25/Aug/2017:17:27:54 +0300] "GET /fonts/fontawesome-webfont.woff2?af7ae505a9eed503f8b8e6982036873e HTTP/1.1" 200 77423 "http://beerbuddies.dev/css/home.css" "Mozilla/5.0 (X11; Linux x86_64) AppleWebKit/537.36 (KHTML, like Gecko) Chrome/59.0.3071.115 Safari/537.36"
10.0.100.70 - - [25/Aug/2017:17:27:54 +0300] "POST /user/avatar/upload HTTP/1.1" 200 1044 "http://bearbuddies.dev/" "Mozilla/5.0 (X11; Linux x86_64) AppleWebKit/537.36 (KHTML, like Gecko) Ubuntu Chromium/60.0.3112.78 Chrome/60.0.3112.78 Safari/537.36"
10.0.100.70 - - [25/Aug/2017:17:27:55 +0300] "GET /uploads/userPhoto/a3c0c81b477d14262cdd728e659ad82c.jpg HTTP/1.1" 200 30292 "http://bearbuddies.dev/" "Mozilla/5.0 (X11; Linux x86_64) AppleWebKit/537.36 (KHTML, like Gecko) Ubuntu Chromium/60.0.3112.78 Chrome/60.0.3112.78 Safari/537.36"
10.0.100.70 - - [25/Aug/2017:17:27:58 +0300] "POST /user/avatar/upload HTTP/1.1" 200 1046 "http://bearbuddies.dev/" "Mozilla/5.0 (X11; Linux x86_64) AppleWebKit/537.36 (KHTML, like Gecko) Ubuntu Chromium/60.0.3112.78 Chrome/60.0.3112.78 Safari/537.36"
10.0.100.70 - - [25/Aug/2017:17:27:58 +0300] "GET /uploads/userPhoto/765224d5c84346e470eb8894f776dffb.jpg HTTP/1.1" 200 508819 "http://bearbuddies.dev/" "Mozilla/5.0 (X11; Linux x86_64) AppleWebKit/537.36 (KHTML, like Gecko) Ubuntu Chromium/60.0.3112.78 Chrome/60.0.3112.78 Safari/537.36"
10.0.100.70 - - [25/Aug/2017:17:28:02 +0300] "POST /user/avatar/upload HTTP/1.1" 200 1048 "http://bearbuddies.dev/" "Mozilla/5.0 (X11; Linux x86_64) AppleWebKit/537.36 (KHTML, like Gecko) Ubuntu Chromium/60.0.3112.78 Chrome/60.0.3112.78 Safari/537.36"
10.0.100.70 - - [25/Aug/2017:17:28:02 +0300] "GET /uploads/userPhoto/e4599c9a32882ee83eb2dbf2c1a7aa56.jpg HTTP/1.1" 200 284778 "http://bearbuddies.dev/" "Mozilla/5.0 (X11; Linux x86_64) AppleWebKit/537.36 (KHTML, like Gecko) Ubuntu Chromium/60.0.3112.78 Chrome/60.0.3112.78 Safari/537.36"
10.0.100.70 - - [25/Aug/2017:17:28:03 +0300] "POST /user/avatar/upload HTTP/1.1" 200 1040 "http://bearbuddies.dev/" "Mozilla/5.0 (X11; Linux x86_64) AppleWebKit/537.36 (KHTML, like Gecko) Ubuntu Chromium/60.0.3112.78 Chrome/60.0.3112.78 Safari/537.36"
10.0.100.70 - - [25/Aug/2017:17:28:04 +0300] "GET /uploads/userPhoto/bce82c28e7c6f1896712186eb0c7f2c7.jpg HTTP/1.1" 200 342111 "http://bearbuddies.dev/" "Mozilla/5.0 (X11; Linux x86_64) AppleWebKit/537.36 (KHTML, like Gecko) Ubuntu Chromium/60.0.3112.78 Chrome/60.0.3112.78 Safari/537.36"
10.0.100.70 - - [25/Aug/2017:17:28:05 +0300] "POST /user/avatar/upload HTTP/1.1" 200 1042 "http://bearbuddies.dev/" "Mozilla/5.0 (X11; Linux x86_64) AppleWebKit/537.36 (KHTML, like Gecko) Ubuntu Chromium/60.0.3112.78 Chrome/60.0.3112.78 Safari/537.36"
10.0.100.70 - - [25/Aug/2017:17:28:05 +0300] "GET /uploads/userPhoto/9717352f542697853b568f719f9a0267.jpg HTTP/1.1" 200 1834453 "http://bearbuddies.dev/" "Mozilla/5.0 (X11; Linux x86_64) AppleWebKit/537.36 (KHTML, like Gecko) Ubuntu Chromium/60.0.3112.78 Chrome/60.0.3112.78 Safari/537.36"
10.0.100.70 - - [25/Aug/2017:17:28:07 +0300] "POST /user/avatar/upload HTTP/1.1" 200 1042 "http://bearbuddies.dev/" "Mozilla/5.0 (X11; Linux x86_64) AppleWebKit/537.36 (KHTML, like Gecko) Ubuntu Chromium/60.0.3112.78 Chrome/60.0.3112.78 Safari/537.36"
10.0.100.70 - - [25/Aug/2017:17:28:07 +0300] "GET /uploads/userPhoto/0a262a306f65b3e98329d94f6f83c6de.jpg HTTP/1.1" 200 211206 "http://bearbuddies.dev/" "Mozilla/5.0 (X11; Linux x86_64) AppleWebKit/537.36 (KHTML, like Gecko) Ubuntu Chromium/60.0.3112.78 Chrome/60.0.3112.78 Safari/537.36"
127.0.0.1 - - [25/Aug/2017:17:28:53 +0300] "POST /user/avatar/upload HTTP/1.1" 200 1047 "http://beerbuddies.dev/" "Mozilla/5.0 (X11; Linux x86_64) AppleWebKit/537.36 (KHTML, like Gecko) Chrome/59.0.3071.115 Safari/537.36"
127.0.0.1 - - [25/Aug/2017:17:28:53 +0300] "GET /uploads/userPhoto/ac1023f99af3c87c3c378a86cc597e92.png HTTP/1.1" 200 58839 "http://beerbuddies.dev/" "Mozilla/5.0 (X11; Linux x86_64) AppleWebKit/537.36 (KHTML, like Gecko) Chrome/59.0.3071.115 Safari/537.36"
127.0.0.1 - - [25/Aug/2017:17:28:55 +0300] "GET / HTTP/1.1" 200 2262 "http://beerbuddies.dev/register" "Mozilla/5.0 (X11; Linux x86_64) AppleWebKit/537.36 (KHTML, like Gecko) Chrome/59.0.3071.115 Safari/537.36"
127.0.0.1 - - [25/Aug/2017:17:28:55 +0300] "GET /img/logo.png HTTP/1.1" 200 3248 "http://beerbuddies.dev/" "Mozilla/5.0 (X11; Linux x86_64) AppleWebKit/537.36 (KHTML, like Gecko) Chrome/59.0.3071.115 Safari/537.36"
127.0.0.1 - - [25/Aug/2017:17:28:55 +0300] "GET /css/app.css HTTP/1.1" 200 22009 "http://beerbuddies.dev/" "Mozilla/5.0 (X11; Linux x86_64) AppleWebKit/537.36 (KHTML, like Gecko) Chrome/59.0.3071.115 Safari/537.36"
127.0.0.1 - - [25/Aug/2017:17:28:55 +0300] "GET /css/home.css HTTP/1.1" 200 8718 "http://beerbuddies.dev/" "Mozilla/5.0 (X11; Linux x86_64) AppleWebKit/537.36 (KHTML, like Gecko) Chrome/59.0.3071.115 Safari/537.36"
127.0.0.1 - - [25/Aug/2017:17:28:55 +0300] "GET /js/app.js HTTP/1.1" 200 204124 "http://beerbuddies.dev/" "Mozilla/5.0 (X11; Linux x86_64) AppleWebKit/537.36 (KHTML, like Gecko) Chrome/59.0.3071.115 Safari/537.36"
127.0.0.1 - - [25/Aug/2017:17:28:55 +0300] "GET /js/home.js HTTP/1.1" 200 329 "http://beerbuddies.dev/" "Mozilla/5.0 (X11; Linux x86_64) AppleWebKit/537.36 (KHTML, like Gecko) Chrome/59.0.3071.115 Safari/537.36"
127.0.0.1 - - [25/Aug/2017:17:28:55 +0300] "GET /uploads/userPhoto/ac1023f99af3c87c3c378a86cc597e92.png HTTP/1.1" 200 58838 "http://beerbuddies.dev/" "Mozilla/5.0 (X11; Linux x86_64) AppleWebKit/537.36 (KHTML, like Gecko) Chrome/59.0.3071.115 Safari/537.36"
127.0.0.1 - - [25/Aug/2017:17:28:55 +0300] "GET /fonts/fontawesome-webfont.woff2?af7ae505a9eed503f8b8e6982036873e HTTP/1.1" 200 77423 "http://beerbuddies.dev/css/home.css" "Mozilla/5.0 (X11; Linux x86_64) AppleWebKit/537.36 (KHTML, like Gecko) Chrome/59.0.3071.115 Safari/537.36"
127.0.0.1 - - [25/Aug/2017:17:29:20 +0300] "POST /user/avatar/upload HTTP/1.1" 200 1053 "http://beerbuddies.dev/" "Mozilla/5.0 (X11; Linux x86_64) AppleWebKit/537.36 (KHTML, like Gecko) Chrome/59.0.3071.115 Safari/537.36"
127.0.0.1 - - [25/Aug/2017:17:29:20 +0300] "GET /uploads/userPhoto/5addb31ff01e47a67822498e0faf4460.jpg HTTP/1.1" 200 741636 "http://beerbuddies.dev/" "Mozilla/5.0 (X11; Linux x86_64) AppleWebKit/537.36 (KHTML, like Gecko) Chrome/59.0.3071.115 Safari/537.36"
127.0.0.1 - - [25/Aug/2017:17:29:32 +0300] "POST /user/avatar/upload HTTP/1.1" 200 1049 "http://beerbuddies.dev/" "Mozilla/5.0 (X11; Linux x86_64) AppleWebKit/537.36 (KHTML, like Gecko) Chrome/59.0.3071.115 Safari/537.36"
127.0.0.1 - - [25/Aug/2017:17:29:32 +0300] "GET /uploads/userPhoto/9d1db66fabbcef0f3ba538dcf517eb35.jpg HTTP/1.1" 200 9408 "http://beerbuddies.dev/" "Mozilla/5.0 (X11; Linux x86_64) AppleWebKit/537.36 (KHTML, like Gecko) Chrome/59.0.3071.115 Safari/537.36"
10.0.100.80 - - [25/Aug/2017:17:29:39 +0300] "POST /user/avatar/upload HTTP/1.1" 200 1037 "http://beerbuddies.dev/" "Mozilla/5.0 (X11; Linux x86_64) AppleWebKit/537.36 (KHTML, like Gecko) Ubuntu Chromium/60.0.3112.78 Chrome/60.0.3112.78 Safari/537.36"
10.0.100.80 - - [25/Aug/2017:17:29:39 +0300] "GET /uploads/userPhoto/f19b735f60b9c5a264e8ccf7493e871b.png HTTP/1.1" 200 311 "http://beerbuddies.dev/" "Mozilla/5.0 (X11; Linux x86_64) AppleWebKit/537.36 (KHTML, like Gecko) Ubuntu Chromium/60.0.3112.78 Chrome/60.0.3112.78 Safari/537.36"
10.0.100.80 - - [25/Aug/2017:17:29:55 +0300] "GET / HTTP/1.1" 200 2272 "http://beerbuddies.dev/register" "Mozilla/5.0 (X11; Linux x86_64) AppleWebKit/537.36 (KHTML, like Gecko) Ubuntu Chromium/60.0.3112.78 Chrome/60.0.3112.78 Safari/537.36"
10.0.100.80 - - [25/Aug/2017:17:29:55 +0300] "GET /uploads/userPhoto/f19b735f60b9c5a264e8ccf7493e871b.png HTTP/1.1" 304 179 "http://beerbuddies.dev/" "Mozilla/5.0 (X11; Linux x86_64) AppleWebKit/537.36 (KHTML, like Gecko) Ubuntu Chromium/60.0.3112.78 Chrome/60.0.3112.78 Safari/537.36"
10.0.100.80 - - [25/Aug/2017:17:30:04 +0300] "GET /uploads/userPhoto/f19b735f60b9c5a264e8ccf7493e871b.png HTTP/1.1" 304 180 "-" "Mozilla/5.0 (X11; Linux x86_64) AppleWebKit/537.36 (KHTML, like Gecko) Ubuntu Chromium/60.0.3112.78 Chrome/60.0.3112.78 Safari/537.36"
10.0.100.80 - - [25/Aug/2017:17:30:06 +0300] "GET /uploads/userPhoto/f19b735f60b9c5a264e8ccf7493e871b.png HTTP/1.1" 304 179 "-" "Mozilla/5.0 (X11; Linux x86_64) AppleWebKit/537.36 (KHTML, like Gecko) Ubuntu Chromium/60.0.3112.78 Chrome/60.0.3112.78 Safari/537.36"
10.0.100.80 - - [25/Aug/2017:17:30:09 +0300] "GET /uploads/userPhoto/f19b735f60b9c5a264e8ccf7493e871b.png HTTP/1.1" 304 179 "-" "Mozilla/5.0 (X11; Linux x86_64) AppleWebKit/537.36 (KHTML, like Gecko) Ubuntu Chromium/60.0.3112.78 Chrome/60.0.3112.78 Safari/537.36"
127.0.0.1 - - [25/Aug/2017:17:30:30 +0300] "POST /user/avatar/upload HTTP/1.1" 200 1045 "http://beerbuddies.dev/" "Mozilla/5.0 (X11; Linux x86_64) AppleWebKit/537.36 (KHTML, like Gecko) Chrome/59.0.3071.115 Safari/537.36"
127.0.0.1 - - [25/Aug/2017:17:30:30 +0300] "GET /uploads/userPhoto/a00c04077b7590ff8e3d3dc1b5bb0eb5.png HTTP/1.1" 200 4119 "http://beerbuddies.dev/" "Mozilla/5.0 (X11; Linux x86_64) AppleWebKit/537.36 (KHTML, like Gecko) Chrome/59.0.3071.115 Safari/537.36"
10.0.100.80 - - [25/Aug/2017:17:31:12 +0300] "GET /uploads/userPhoto/f19b735f60b9c5a264e8ccf7493e871b.png HTTP/1.1" 200 310 "-" "Mozilla/5.0 (X11; Linux x86_64) AppleWebKit/537.36 (KHTML, like Gecko) Ubuntu Chromium/60.0.3112.78 Chrome/60.0.3112.78 Safari/537.36"
127.0.0.1 - - [25/Aug/2017:17:31:27 +0300] "GET / HTTP/1.1" 200 2266 "http://beerbuddies.dev/register" "Mozilla/5.0 (X11; Linux x86_64) AppleWebKit/537.36 (KHTML, like Gecko) Chrome/59.0.3071.115 Safari/537.36"
127.0.0.1 - - [25/Aug/2017:17:31:27 +0300] "GET /img/logo.png HTTP/1.1" 200 3248 "http://beerbuddies.dev/" "Mozilla/5.0 (X11; Linux x86_64) AppleWebKit/537.36 (KHTML, like Gecko) Chrome/59.0.3071.115 Safari/537.36"
127.0.0.1 - - [25/Aug/2017:17:31:27 +0300] "GET /css/home.css HTTP/1.1" 200 8718 "http://beerbuddies.dev/" "Mozilla/5.0 (X11; Linux x86_64) AppleWebKit/537.36 (KHTML, like Gecko) Chrome/59.0.3071.115 Safari/537.36"
127.0.0.1 - - [25/Aug/2017:17:31:27 +0300] "GET /css/app.css HTTP/1.1" 200 22009 "http://beerbuddies.dev/" "Mozilla/5.0 (X11; Linux x86_64) AppleWebKit/537.36 (KHTML, like Gecko) Chrome/59.0.3071.115 Safari/537.36"
127.0.0.1 - - [25/Aug/2017:17:31:27 +0300] "GET /js/home.js HTTP/1.1" 200 329 "http://beerbuddies.dev/" "Mozilla/5.0 (X11; Linux x86_64) AppleWebKit/537.36 (KHTML, like Gecko) Chrome/59.0.3071.115 Safari/537.36"
127.0.0.1 - - [25/Aug/2017:17:31:27 +0300] "GET /js/app.js HTTP/1.1" 200 204124 "http://beerbuddies.dev/" "Mozilla/5.0 (X11; Linux x86_64) AppleWebKit/537.36 (KHTML, like Gecko) Chrome/59.0.3071.115 Safari/537.36"
127.0.0.1 - - [25/Aug/2017:17:31:27 +0300] "GET /uploads/userPhoto/a00c04077b7590ff8e3d3dc1b5bb0eb5.png HTTP/1.1" 200 4117 "http://beerbuddies.dev/" "Mozilla/5.0 (X11; Linux x86_64) AppleWebKit/537.36 (KHTML, like Gecko) Chrome/59.0.3071.115 Safari/537.36"
127.0.0.1 - - [25/Aug/2017:17:31:28 +0300] "GET /fonts/fontawesome-webfont.woff2?af7ae505a9eed503f8b8e6982036873e HTTP/1.1" 200 77423 "http://beerbuddies.dev/css/home.css" "Mozilla/5.0 (X11; Linux x86_64) AppleWebKit/537.36 (KHTML, like Gecko) Chrome/59.0.3071.115 Safari/537.36"
10.0.100.80 - - [25/Aug/2017:17:32:08 +0300] "GET /uploads/userPhoto/f19b735f60b9c5a264e8ccf7493e871b.png HTTP/1.1" 200 310 "-" "Mozilla/5.0 (X11; Linux x86_64) AppleWebKit/537.36 (KHTML, like Gecko) Ubuntu Chromium/60.0.3112.78 Chrome/60.0.3112.78 Safari/537.36"
127.0.0.1 - - [25/Aug/2017:17:33:56 +0300] "POST /user/avatar/upload HTTP/1.1" 200 1045 "http://beerbuddies.dev/" "Mozilla/5.0 (X11; Linux x86_64) AppleWebKit/537.36 (KHTML, like Gecko) Chrome/59.0.3071.115 Safari/537.36"
127.0.0.1 - - [25/Aug/2017:17:33:56 +0300] "GET /uploads/userPhoto/4e5c1d2fde0384bfee0990eef60d5a42.jpg HTTP/1.1" 200 1104716 "http://beerbuddies.dev/" "Mozilla/5.0 (X11; Linux x86_64) AppleWebKit/537.36 (KHTML, like Gecko) Chrome/59.0.3071.115 Safari/537.36"
127.0.0.1 - - [25/Aug/2017:17:34:00 +0300] "GET / HTTP/1.1" 200 2271 "http://beerbuddies.dev/register" "Mozilla/5.0 (X11; Linux x86_64) AppleWebKit/537.36 (KHTML, like Gecko) Chrome/59.0.3071.115 Safari/537.36"
127.0.0.1 - - [25/Aug/2017:17:34:00 +0300] "GET /img/logo.png HTTP/1.1" 200 3248 "http://beerbuddies.dev/" "Mozilla/5.0 (X11; Linux x86_64) AppleWebKit/537.36 (KHTML, like Gecko) Chrome/59.0.3071.115 Safari/537.36"
127.0.0.1 - - [25/Aug/2017:17:34:00 +0300] "GET /css/app.css HTTP/1.1" 200 22010 "http://beerbuddies.dev/" "Mozilla/5.0 (X11; Linux x86_64) AppleWebKit/537.36 (KHTML, like Gecko) Chrome/59.0.3071.115 Safari/537.36"
127.0.0.1 - - [25/Aug/2017:17:34:00 +0300] "GET /css/home.css HTTP/1.1" 200 8727 "http://beerbuddies.dev/" "Mozilla/5.0 (X11; Linux x86_64) AppleWebKit/537.36 (KHTML, like Gecko) Chrome/59.0.3071.115 Safari/537.36"
127.0.0.1 - - [25/Aug/2017:17:34:00 +0300] "GET /js/app.js HTTP/1.1" 200 204124 "http://beerbuddies.dev/" "Mozilla/5.0 (X11; Linux x86_64) AppleWebKit/537.36 (KHTML, like Gecko) Chrome/59.0.3071.115 Safari/537.36"
127.0.0.1 - - [25/Aug/2017:17:34:00 +0300] "GET /js/home.js HTTP/1.1" 200 329 "http://beerbuddies.dev/" "Mozilla/5.0 (X11; Linux x86_64) AppleWebKit/537.36 (KHTML, like Gecko) Chrome/59.0.3071.115 Safari/537.36"
127.0.0.1 - - [25/Aug/2017:17:34:00 +0300] "GET /uploads/userPhoto/4e5c1d2fde0384bfee0990eef60d5a42.jpg HTTP/1.1" 200 1104714 "http://beerbuddies.dev/" "Mozilla/5.0 (X11; Linux x86_64) AppleWebKit/537.36 (KHTML, like Gecko) Chrome/59.0.3071.115 Safari/537.36"
127.0.0.1 - - [25/Aug/2017:17:34:00 +0300] "GET /fonts/fontawesome-webfont.woff2?af7ae505a9eed503f8b8e6982036873e HTTP/1.1" 200 77424 "http://beerbuddies.dev/css/home.css" "Mozilla/5.0 (X11; Linux x86_64) AppleWebKit/537.36 (KHTML, like Gecko) Chrome/59.0.3071.115 Safari/537.36"
10.0.100.80 - - [25/Aug/2017:17:34:02 +0300] "GET / HTTP/1.1" 200 2270 "http://beerbuddies.dev/register" "Mozilla/5.0 (X11; Linux x86_64) AppleWebKit/537.36 (KHTML, like Gecko) Ubuntu Chromium/60.0.3112.78 Chrome/60.0.3112.78 Safari/537.36"
10.0.100.80 - - [25/Aug/2017:17:34:02 +0300] "GET /uploads/userPhoto/f19b735f60b9c5a264e8ccf7493e871b.png HTTP/1.1" 304 179 "http://beerbuddies.dev/" "Mozilla/5.0 (X11; Linux x86_64) AppleWebKit/537.36 (KHTML, like Gecko) Ubuntu Chromium/60.0.3112.78 Chrome/60.0.3112.78 Safari/537.36"
10.0.100.80 - - [25/Aug/2017:17:34:21 +0300] "GET / HTTP/1.1" 200 2245 "http://beerbuddies.dev/register" "Mozilla/5.0 (X11; Linux x86_64) AppleWebKit/537.36 (KHTML, like Gecko) Ubuntu Chromium/60.0.3112.78 Chrome/60.0.3112.78 Safari/537.36"
127.0.0.1 - - [25/Aug/2017:17:34:23 +0300] "GET / HTTP/1.1" 200 2274 "http://beerbuddies.dev/register" "Mozilla/5.0 (X11; Linux x86_64) AppleWebKit/537.36 (KHTML, like Gecko) Chrome/59.0.3071.115 Safari/537.36"
127.0.0.1 - - [25/Aug/2017:17:34:23 +0300] "GET /img/logo.png HTTP/1.1" 200 3248 "http://beerbuddies.dev/" "Mozilla/5.0 (X11; Linux x86_64) AppleWebKit/537.36 (KHTML, like Gecko) Chrome/59.0.3071.115 Safari/537.36"
127.0.0.1 - - [25/Aug/2017:17:34:23 +0300] "GET /css/app.css HTTP/1.1" 200 22009 "http://beerbuddies.dev/" "Mozilla/5.0 (X11; Linux x86_64) AppleWebKit/537.36 (KHTML, like Gecko) Chrome/59.0.3071.115 Safari/537.36"
127.0.0.1 - - [25/Aug/2017:17:34:23 +0300] "GET /css/home.css HTTP/1.1" 200 8728 "http://beerbuddies.dev/" "Mozilla/5.0 (X11; Linux x86_64) AppleWebKit/537.36 (KHTML, like Gecko) Chrome/59.0.3071.115 Safari/537.36"
127.0.0.1 - - [25/Aug/2017:17:34:23 +0300] "GET /js/app.js HTTP/1.1" 200 204124 "http://beerbuddies.dev/" "Mozilla/5.0 (X11; Linux x86_64) AppleWebKit/537.36 (KHTML, like Gecko) Chrome/59.0.3071.115 Safari/537.36"
127.0.0.1 - - [25/Aug/2017:17:34:23 +0300] "GET /js/home.js HTTP/1.1" 200 329 "http://beerbuddies.dev/" "Mozilla/5.0 (X11; Linux x86_64) AppleWebKit/537.36 (KHTML, like Gecko) Chrome/59.0.3071.115 Safari/537.36"
127.0.0.1 - - [25/Aug/2017:17:34:23 +0300] "GET /uploads/userPhoto/4e5c1d2fde0384bfee0990eef60d5a42.jpg HTTP/1.1" 200 1104714 "http://beerbuddies.dev/" "Mozilla/5.0 (X11; Linux x86_64) AppleWebKit/537.36 (KHTML, like Gecko) Chrome/59.0.3071.115 Safari/537.36"
127.0.0.1 - - [25/Aug/2017:17:34:23 +0300] "GET /fonts/fontawesome-webfont.woff2?af7ae505a9eed503f8b8e6982036873e HTTP/1.1" 200 77424 "http://beerbuddies.dev/css/home.css" "Mozilla/5.0 (X11; Linux x86_64) AppleWebKit/537.36 (KHTML, like Gecko) Chrome/59.0.3071.115 Safari/537.36"
127.0.0.1 - - [25/Aug/2017:17:34:27 +0300] "POST /user/avatar/upload HTTP/1.1" 200 1042 "http://beerbuddies.dev/" "Mozilla/5.0 (X11; Linux x86_64) AppleWebKit/537.36 (KHTML, like Gecko) Chrome/59.0.3071.115 Safari/537.36"
127.0.0.1 - - [25/Aug/2017:17:34:27 +0300] "GET /uploads/userPhoto/bbb087f2fd1cc411ae8227da55f77d9c.jpg HTTP/1.1" 200 9408 "http://beerbuddies.dev/" "Mozilla/5.0 (X11; Linux x86_64) AppleWebKit/537.36 (KHTML, like Gecko) Chrome/59.0.3071.115 Safari/537.36"
10.0.100.80 - - [25/Aug/2017:17:34:27 +0300] "POST /user/avatar/upload HTTP/1.1" 200 1043 "http://beerbuddies.dev/" "Mozilla/5.0 (X11; Linux x86_64) AppleWebKit/537.36 (KHTML, like Gecko) Ubuntu Chromium/60.0.3112.78 Chrome/60.0.3112.78 Safari/537.36"
10.0.100.80 - - [25/Aug/2017:17:34:27 +0300] "GET /uploads/userPhoto/bbb087f2fd1cc411ae8227da55f77d9c.png HTTP/1.1" 200 15131 "http://beerbuddies.dev/" "Mozilla/5.0 (X11; Linux x86_64) AppleWebKit/537.36 (KHTML, like Gecko) Ubuntu Chromium/60.0.3112.78 Chrome/60.0.3112.78 Safari/537.36"
127.0.0.1 - - [25/Aug/2017:17:34:28 +0300] "GET / HTTP/1.1" 200 2261 "http://beerbuddies.dev/register" "Mozilla/5.0 (X11; Linux x86_64) AppleWebKit/537.36 (KHTML, like Gecko) Chrome/59.0.3071.115 Safari/537.36"
127.0.0.1 - - [25/Aug/2017:17:34:28 +0300] "GET /css/home.css HTTP/1.1" 200 8728 "http://beerbuddies.dev/" "Mozilla/5.0 (X11; Linux x86_64) AppleWebKit/537.36 (KHTML, like Gecko) Chrome/59.0.3071.115 Safari/537.36"
127.0.0.1 - - [25/Aug/2017:17:34:28 +0300] "GET /css/app.css HTTP/1.1" 200 22010 "http://beerbuddies.dev/" "Mozilla/5.0 (X11; Linux x86_64) AppleWebKit/537.36 (KHTML, like Gecko) Chrome/59.0.3071.115 Safari/537.36"
127.0.0.1 - - [25/Aug/2017:17:34:28 +0300] "GET /img/logo.png HTTP/1.1" 200 3248 "http://beerbuddies.dev/" "Mozilla/5.0 (X11; Linux x86_64) AppleWebKit/537.36 (KHTML, like Gecko) Chrome/59.0.3071.115 Safari/537.36"
127.0.0.1 - - [25/Aug/2017:17:34:28 +0300] "GET /js/app.js HTTP/1.1" 200 204124 "http://beerbuddies.dev/" "Mozilla/5.0 (X11; Linux x86_64) AppleWebKit/537.36 (KHTML, like Gecko) Chrome/59.0.3071.115 Safari/537.36"
127.0.0.1 - - [25/Aug/2017:17:34:29 +0300] "GET /js/home.js HTTP/1.1" 200 329 "http://beerbuddies.dev/" "Mozilla/5.0 (X11; Linux x86_64) AppleWebKit/537.36 (KHTML, like Gecko) Chrome/59.0.3071.115 Safari/537.36"
127.0.0.1 - - [25/Aug/2017:17:34:29 +0300] "GET /uploads/userPhoto/bbb087f2fd1cc411ae8227da55f77d9c.jpg HTTP/1.1" 200 9406 "http://beerbuddies.dev/" "Mozilla/5.0 (X11; Linux x86_64) AppleWebKit/537.36 (KHTML, like Gecko) Chrome/59.0.3071.115 Safari/537.36"
127.0.0.1 - - [25/Aug/2017:17:34:29 +0300] "GET /fonts/fontawesome-webfont.woff2?af7ae505a9eed503f8b8e6982036873e HTTP/1.1" 200 77423 "http://beerbuddies.dev/css/home.css" "Mozilla/5.0 (X11; Linux x86_64) AppleWebKit/537.36 (KHTML, like Gecko) Chrome/59.0.3071.115 Safari/537.36"
127.0.0.1 - - [25/Aug/2017:17:34:29 +0300] "GET /favicon.ico HTTP/1.1" 200 1706 "http://beerbuddies.dev/" "Mozilla/5.0 (X11; Linux x86_64) AppleWebKit/537.36 (KHTML, like Gecko) Chrome/59.0.3071.115 Safari/537.36"
10.0.100.80 - - [25/Aug/2017:17:34:37 +0300] "GET / HTTP/1.1" 200 2273 "http://beerbuddies.dev/register" "Mozilla/5.0 (X11; Linux x86_64) AppleWebKit/537.36 (KHTML, like Gecko) Ubuntu Chromium/60.0.3112.78 Chrome/60.0.3112.78 Safari/537.36"
10.0.100.80 - - [25/Aug/2017:17:34:37 +0300] "GET /uploads/userPhoto/bbb087f2fd1cc411ae8227da55f77d9c.png HTTP/1.1" 304 181 "http://beerbuddies.dev/" "Mozilla/5.0 (X11; Linux x86_64) AppleWebKit/537.36 (KHTML, like Gecko) Ubuntu Chromium/60.0.3112.78 Chrome/60.0.3112.78 Safari/537.36"
10.0.100.70 - - [25/Aug/2017:17:34:44 +0300] "POST /user/avatar/upload HTTP/1.1" 200 1047 "http://bearbuddies.dev/" "Mozilla/5.0 (X11; Linux x86_64) AppleWebKit/537.36 (KHTML, like Gecko) Ubuntu Chromium/60.0.3112.78 Chrome/60.0.3112.78 Safari/537.36"
10.0.100.70 - - [25/Aug/2017:17:34:44 +0300] "GET /uploads/userPhoto/b7d09a3d802590490d113b98d39ccafc.jpg HTTP/1.1" 200 516611 "http://bearbuddies.dev/" "Mozilla/5.0 (X11; Linux x86_64) AppleWebKit/537.36 (KHTML, like Gecko) Ubuntu Chromium/60.0.3112.78 Chrome/60.0.3112.78 Safari/537.36"
10.0.100.70 - - [25/Aug/2017:17:34:47 +0300] "GET / HTTP/1.1" 200 2273 "http://bearbuddies.dev/" "Mozilla/5.0 (X11; Linux x86_64) AppleWebKit/537.36 (KHTML, like Gecko) Ubuntu Chromium/60.0.3112.78 Chrome/60.0.3112.78 Safari/537.36"
10.0.100.70 - - [25/Aug/2017:17:34:47 +0300] "GET /uploads/userPhoto/b7d09a3d802590490d113b98d39ccafc.jpg HTTP/1.1" 304 182 "http://bearbuddies.dev/" "Mozilla/5.0 (X11; Linux x86_64) AppleWebKit/537.36 (KHTML, like Gecko) Ubuntu Chromium/60.0.3112.78 Chrome/60.0.3112.78 Safari/537.36"
10.0.100.70 - - [25/Aug/2017:17:34:47 +0300] "GET /favicon.ico HTTP/1.1" 200 1706 "http://bearbuddies.dev/" "Mozilla/5.0 (X11; Linux x86_64) AppleWebKit/537.36 (KHTML, like Gecko) Ubuntu Chromium/60.0.3112.78 Chrome/60.0.3112.78 Safari/537.36"
10.0.100.70 - - [25/Aug/2017:17:34:51 +0300] "POST /user/avatar/upload HTTP/1.1" 200 1036 "http://bearbuddies.dev/" "Mozilla/5.0 (X11; Linux x86_64) AppleWebKit/537.36 (KHTML, like Gecko) Ubuntu Chromium/60.0.3112.78 Chrome/60.0.3112.78 Safari/537.36"
10.0.100.70 - - [25/Aug/2017:17:34:51 +0300] "GET /uploads/userPhoto/26925c48b6a30822ace1e523bb9ddc34.jpg HTTP/1.1" 200 516611 "http://bearbuddies.dev/" "Mozilla/5.0 (X11; Linux x86_64) AppleWebKit/537.36 (KHTML, like Gecko) Ubuntu Chromium/60.0.3112.78 Chrome/60.0.3112.78 Safari/537.36"
10.0.100.70 - - [25/Aug/2017:17:34:53 +0300] "GET / HTTP/1.1" 200 2278 "http://bearbuddies.dev/" "Mozilla/5.0 (X11; Linux x86_64) AppleWebKit/537.36 (KHTML, like Gecko) Ubuntu Chromium/60.0.3112.78 Chrome/60.0.3112.78 Safari/537.36"
10.0.100.70 - - [25/Aug/2017:17:34:53 +0300] "GET /css/home.css HTTP/1.1" 200 8728 "http://bearbuddies.dev/" "Mozilla/5.0 (X11; Linux x86_64) AppleWebKit/537.36 (KHTML, like Gecko) Ubuntu Chromium/60.0.3112.78 Chrome/60.0.3112.78 Safari/537.36"
10.0.100.70 - - [25/Aug/2017:17:34:53 +0300] "GET /img/logo.png HTTP/1.1" 200 3248 "http://bearbuddies.dev/" "Mozilla/5.0 (X11; Linux x86_64) AppleWebKit/537.36 (KHTML, like Gecko) Ubuntu Chromium/60.0.3112.78 Chrome/60.0.3112.78 Safari/537.36"
10.0.100.70 - - [25/Aug/2017:17:34:53 +0300] "GET /css/app.css HTTP/1.1" 200 22010 "http://bearbuddies.dev/" "Mozilla/5.0 (X11; Linux x86_64) AppleWebKit/537.36 (KHTML, like Gecko) Ubuntu Chromium/60.0.3112.78 Chrome/60.0.3112.78 Safari/537.36"
10.0.100.70 - - [25/Aug/2017:17:34:53 +0300] "GET /js/home.js HTTP/1.1" 200 329 "http://bearbuddies.dev/" "Mozilla/5.0 (X11; Linux x86_64) AppleWebKit/537.36 (KHTML, like Gecko) Ubuntu Chromium/60.0.3112.78 Chrome/60.0.3112.78 Safari/537.36"
10.0.100.70 - - [25/Aug/2017:17:34:53 +0300] "GET /uploads/userPhoto/26925c48b6a30822ace1e523bb9ddc34.jpg HTTP/1.1" 200 516609 "http://bearbuddies.dev/" "Mozilla/5.0 (X11; Linux x86_64) AppleWebKit/537.36 (KHTML, like Gecko) Ubuntu Chromium/60.0.3112.78 Chrome/60.0.3112.78 Safari/537.36"
10.0.100.70 - - [25/Aug/2017:17:34:53 +0300] "GET /js/app.js HTTP/1.1" 200 204124 "http://bearbuddies.dev/" "Mozilla/5.0 (X11; Linux x86_64) AppleWebKit/537.36 (KHTML, like Gecko) Ubuntu Chromium/60.0.3112.78 Chrome/60.0.3112.78 Safari/537.36"
10.0.100.70 - - [25/Aug/2017:17:34:53 +0300] "GET /fonts/fontawesome-webfont.woff2?af7ae505a9eed503f8b8e6982036873e HTTP/1.1" 200 77423 "http://bearbuddies.dev/css/home.css" "Mozilla/5.0 (X11; Linux x86_64) AppleWebKit/537.36 (KHTML, like Gecko) Ubuntu Chromium/60.0.3112.78 Chrome/60.0.3112.78 Safari/537.36"
10.0.100.70 - - [25/Aug/2017:17:34:53 +0300] "GET /favicon.ico HTTP/1.1" 200 1706 "http://bearbuddies.dev/" "Mozilla/5.0 (X11; Linux x86_64) AppleWebKit/537.36 (KHTML, like Gecko) Ubuntu Chromium/60.0.3112.78 Chrome/60.0.3112.78 Safari/537.36"
10.0.100.80 - - [25/Aug/2017:17:35:02 +0300] "GET / HTTP/1.1" 200 2273 "http://beerbuddies.dev/register" "Mozilla/5.0 (X11; Linux x86_64) AppleWebKit/537.36 (KHTML, like Gecko) Ubuntu Chromium/60.0.3112.78 Chrome/60.0.3112.78 Safari/537.36"
10.0.100.80 - - [25/Aug/2017:17:35:02 +0300] "GET /uploads/userPhoto/bbb087f2fd1cc411ae8227da55f77d9c.png HTTP/1.1" 304 181 "http://beerbuddies.dev/" "Mozilla/5.0 (X11; Linux x86_64) AppleWebKit/537.36 (KHTML, like Gecko) Ubuntu Chromium/60.0.3112.78 Chrome/60.0.3112.78 Safari/537.36"
